// Jest Snapshot v1, https://goo.gl/fbAQLP

exports[`<Main/> should render the heading 1`] = `
<main
  class="styles__Wrapper-sc-9hcj8x-0 cHXjgv"
>
  <img
    alt="Imagem de um átomo e react Avançado escriot ao lado."
    class="styles__Logo-sc-9hcj8x-1 iKJnXt"
    src="/img/logo.svg"
  />
  <h1
    class="styles__Title-sc-9hcj8x-2 dWQdaP"
  >
    React Avançado
  </h1>
  <h2
    class="styles__Description-sc-9hcj8x-3 iTWuxI"
  >
    TypeScript, ReactJS, NextJS e Styled Components
  </h2>
  <img
    alt="Um desenvolvedor de frente para um computador"
    class="styles__Illustration-sc-9hcj8x-4 dbTjhd"
    src="/img/hero-illustration.svg"
  />
</main>
`
